// Jest Snapshot v1, https://goo.gl/fbAQLP

exports[`Greeting should render correctly 1`] = `
<div
  className="greeting-container"
>
  <div
    className="alert alert-light"
    role="alert"
  >
    <a
      href="/load"
      onClick={[Function]}
    >
      Load
    </a>
     an existing animal definition.
  </div>
</div>
`;
